// Jest Snapshot v1, https://goo.gl/fbAQLP

exports[`BookAppointment renders correctly 1`] = `
Object {
  "asFragment": [Function],
  "baseElement": <body>
    <div>
      <div
        class="reserveContainer"
      >
        <div>
          <div
            class="flex"
          >
            <h4
              class="reserveFormHeading"
            >
              Book Appointment
            </h4>
          </div>
          <div
            class="resrve-header"
          >
            <p
              class="text-doctors"
            >
              We have different doctors from different parts of the world.
              <br />
              If you wish to find out if we have a doctor who is available in your city, please use the selector below
            </p>
          </div>
          <form
            action="/#"
            class="form-list"
          >
            <div
              class="details-form"
            >
              <div
                class="form-group"
              >
                <p
                  class="ms-4 mb-1 text-white"
                >
                  City
                </p>
                <input
                  class="form-control"
                  id="city-town"
                  name="city"
                  placeholder="Enter your city"
                  required=""
                  type="text"
                />
              </div>
              <div
                class="form-group"
              >
                <p
                  class="ms-4 mb-1 text-white"
                >
                  Doctor
                </p>
                <select
                  class="form-control"
                  id="availableDoctors"
                  name="availableDoctors"
                />
              </div>
              <div
                class="form-group"
              >
                <p
                  class="ms-4 mb-1 text-white"
                >
                  Date
                </p>
                <input
                  class="form-control"
                  type="date"
                  value=""
                />
              </div>
            </div>
            <div
              class="form-book mb-3"
            >
              <input
                class="form-user-button"
                type="submit"
                value="Book Now"
              />
            </div>
          </form>
        </div>
      </div>
    </div>
  </body>,
  "container": <div>
    <div
      class="reserveContainer"
    >
      <div>
        <div
          class="flex"
        >
          <h4
            class="reserveFormHeading"
          >
            Book Appointment
          </h4>
        </div>
        <div
          class="resrve-header"
        >
          <p
            class="text-doctors"
          >
            We have different doctors from different parts of the world.
            <br />
            If you wish to find out if we have a doctor who is available in your city, please use the selector below
          </p>
        </div>
        <form
          action="/#"
          class="form-list"
        >
          <div
            class="details-form"
          >
            <div
              class="form-group"
            >
              <p
                class="ms-4 mb-1 text-white"
              >
                City
              </p>
              <input
                class="form-control"
                id="city-town"
                name="city"
                placeholder="Enter your city"
                required=""
                type="text"
              />
            </div>
            <div
              class="form-group"
            >
              <p
                class="ms-4 mb-1 text-white"
              >
                Doctor
              </p>
              <select
                class="form-control"
                id="availableDoctors"
                name="availableDoctors"
              />
            </div>
            <div
              class="form-group"
            >
              <p
                class="ms-4 mb-1 text-white"
              >
                Date
              </p>
              <input
                class="form-control"
                type="date"
                value=""
              />
            </div>
          </div>
          <div
            class="form-book mb-3"
          >
            <input
              class="form-user-button"
              type="submit"
              value="Book Now"
            />
          </div>
        </form>
      </div>
    </div>
  </div>,
  "debug": [Function],
  "findAllByAltText": [Function],
  "findAllByDisplayValue": [Function],
  "findAllByLabelText": [Function],
  "findAllByPlaceholderText": [Function],
  "findAllByRole": [Function],
  "findAllByTestId": [Function],
  "findAllByText": [Function],
  "findAllByTitle": [Function],
  "findByAltText": [Function],
  "findByDisplayValue": [Function],
  "findByLabelText": [Function],
  "findByPlaceholderText": [Function],
  "findByRole": [Function],
  "findByTestId": [Function],
  "findByText": [Function],
  "findByTitle": [Function],
  "getAllByAltText": [Function],
  "getAllByDisplayValue": [Function],
  "getAllByLabelText": [Function],
  "getAllByPlaceholderText": [Function],
  "getAllByRole": [Function],
  "getAllByTestId": [Function],
  "getAllByText": [Function],
  "getAllByTitle": [Function],
  "getByAltText": [Function],
  "getByDisplayValue": [Function],
  "getByLabelText": [Function],
  "getByPlaceholderText": [Function],
  "getByRole": [Function],
  "getByTestId": [Function],
  "getByText": [Function],
  "getByTitle": [Function],
  "queryAllByAltText": [Function],
  "queryAllByDisplayValue": [Function],
  "queryAllByLabelText": [Function],
  "queryAllByPlaceholderText": [Function],
  "queryAllByRole": [Function],
  "queryAllByTestId": [Function],
  "queryAllByText": [Function],
  "queryAllByTitle": [Function],
  "queryByAltText": [Function],
  "queryByDisplayValue": [Function],
  "queryByLabelText": [Function],
  "queryByPlaceholderText": [Function],
  "queryByRole": [Function],
  "queryByTestId": [Function],
  "queryByText": [Function],
  "queryByTitle": [Function],
  "rerender": [Function],
  "unmount": [Function],
}
`;
